
> textile-ecommerce-frontend@1.0.0 build
> next build

  Γû▓ Next.js 14.2.35
  - Environments: .env.local

   Creating an optimized production build ...
 Γ£ô Compiled successfully
   Linting and checking validity of types ...
   Collecting page data ...
   Generating static pages (0/22) ...
node.exe : (node:34412) Warning: 
`--localstorage-file` was 
provided without a valid path
At line:1 char:1
+ & "C:\Program 
Files\nodejs/node.exe" 
"C:\Program Files\nodejs/node_mo 
...
+ ~~~~~~~~~~~~~~~~~~~~~~~~~~~~~~~~
~~~~~~~~~~~~~~~~~~~~~~~~~~~~~~~~~~
~~~
    + CategoryInfo          : Not 
   Specified: ((node:34412) Wa..  
  .ut a valid path:String) [],    
 RemoteException
    + FullyQualifiedErrorId : Nat 
   iveCommandError
 
(Use `node --trace-warnings ...` 
to show where the warning was 
created)
(node:38864) Warning: 
`--localstorage-file` was 
provided without a valid path
(Use `node --trace-warnings ...` 
to show where the warning was 
created)
(node:24236) Warning: 
`--localstorage-file` was 
provided without a valid path
(Use `node --trace-warnings ...` 
to show where the warning was 
created)
(node:21952) Warning: 
`--localstorage-file` was 
provided without a valid path
(Use `node --trace-warnings ...` 
to show where the warning was 
created)
(node:37596) Warning: 
`--localstorage-file` was 
provided without a valid path
(Use `node --trace-warnings ...` 
to show where the warning was 
created)
(node:19252) Warning: 
`--localstorage-file` was 
provided without a valid path
(Use `node --trace-warnings ...` 
to show where the warning was 
created)
(node:25400) Warning: 
`--localstorage-file` was 
provided without a valid path
(Use `node --trace-warnings ...` 
to show where the warning was 
created)
(node:31332) Warning: 
`--localstorage-file` was 
provided without a valid path
(Use `node --trace-warnings ...` 
to show where the warning was 
created)
(node:43648) Warning: 
`--localstorage-file` was 
provided without a valid path
(Use `node --trace-warnings ...` 
to show where the warning was 
created)
(node:35568) Warning: 
`--localstorage-file` was 
provided without a valid path
(Use `node --trace-warnings ...` 
to show where the warning was 
created)
   Generating static pages (5/22) 
   Generating static pages (10/22) 
(node:42628) Warning: 
`--localstorage-file` was 
provided without a valid path
(Use `node --trace-warnings ...` 
to show where the warning was 
created)
   Generating static pages (16/22) 
 Γ£ô Generating static pages (22/22)
   Finalizing page optimization ...
   Collecting build traces ...

Route (app)                              Size     First Load JS
Γöî Γùï /                                    2.07 kB         127 kB
Γö£ Γùï /_not-found                          873 B          88.2 kB
Γö£ Γùï /admin                               110 kB          230 kB
Γö£ Γùï /admin/customers                     2.47 kB         113 kB
Γö£ Γùï /admin/inventory                     4.21 kB         115 kB
Γö£ Γùï /admin/orders                        2.82 kB         114 kB
Γö£ Γùï /admin/products                      4.18 kB         115 kB
Γö£ Γùï /admin/reviews                       1.89 kB        91.3 kB
Γö£ Γùï /admin/settings                      3.45 kB         114 kB
Γö£ Γùï /cart                                3.78 kB         123 kB
Γö£ Γùï /checkout                            4.26 kB         113 kB
Γö£ Γùï /forgot-password                     1.78 kB        97.8 kB
Γö£ Γùï /login                               3.67 kB         124 kB
Γö£ ╞Æ /order-confirmation/[id]             2.65 kB         122 kB
Γö£ ╞Æ /orders/[id]                         5.04 kB         122 kB
Γö£ Γùï /privacy                             1.65 kB        97.7 kB
Γö£ Γùï /products                            1.78 kB         127 kB
Γö£ ╞Æ /products/[id]                       5.88 kB         125 kB
Γö£ Γùï /profile                             5.39 kB         123 kB
Γö£ Γùï /register                            3.84 kB         124 kB
Γö£ Γùï /search                              2.46 kB         120 kB
Γö£ Γùï /terms                               1.67 kB        97.7 kB
Γöö Γùï /wishlist                            1.86 kB         127 kB
+ First Load JS shared by all            87.3 kB
  Γö£ chunks/117-6a560253c2495674.js       31.7 kB
  Γö£ chunks/fd9d1056-02bed7306de14037.js  53.6 kB
  Γöö other shared chunks (total)          1.96 kB


Γùï  (Static)   prerendered as static content
╞Æ  (Dynamic)  server-rendered on demand

