
> iqtanperfumes-frontend@1.0.0 build
> next build

  Γû▓ Next.js 14.2.35
  - Environments: .env.local

   Creating an optimized production build ...
node.exe : Failed to compile.
At line:1 char:1
+ & "C:\Program 
Files\nodejs/node.exe" 
"C:\Program Files\nodejs/node_mo 
...
+ ~~~~~~~~~~~~~~~~~~~~~~~~~~~~~~~~
~~~~~~~~~~~~~~~~~~~~~~~~~~~~~~~~~~
~~~
    + CategoryInfo          : Not 
   Specified: (Failed to compile  
  .:String) [], RemoteException
    + FullyQualifiedErrorId : Nat 
   iveCommandError
 

./src/app/admin/customers/page.tsx
Error: 
  [31mx[0m You're importing a 
component that needs useEffect. 
It only works in a Client 
Component but none of its parents 
are marked with "use client", so 
they're Server Components by 
default.
  [31m|[0m Learn more: https://n
extjs.org/docs/getting-started/rea
ct-essentials
  [31m|[0m 
  [31m|[0m 
   ,-[[36;1;4mC:\e-commerce texti
le\frontend\src\app\admin\customer
s\page.tsx[0m:1:1]
 [2m1[0m | import { useEffect, 
useState } from 'react';
   : [31;1m         ^^^^^^^^^[0m
 [2m2[0m | import { useRouter } 
from 'next/navigation';
 [2m3[0m | import { adminAPI } 
from '@/lib/api';
 [2m3[0m | import { FiUser, 
FiMail, FiCalendar, 
FiShoppingBag, FiSearch, 
FiMoreVertical, FiExternalLink } 
from 'react-icons/fi';
   `----

  [31mx[0m You're importing a 
component that needs useState. It 
only works in a Client Component 
but none of its parents are 
marked with "use client", so 
they're Server Components by 
default.
  [31m|[0m Learn more: https://n
extjs.org/docs/getting-started/rea
ct-essentials
  [31m|[0m 
  [31m|[0m 
   ,-[[36;1;4mC:\e-commerce texti
le\frontend\src\app\admin\customer
s\page.tsx[0m:1:1]
 [2m1[0m | import { useEffect, 
useState } from 'react';
   : [31;1m                    
^^^^^^^^[0m
 [2m2[0m | import { useRouter } 
from 'next/navigation';
 [2m3[0m | import { adminAPI } 
from '@/lib/api';
 [2m3[0m | import { FiUser, 
FiMail, FiCalendar, 
FiShoppingBag, FiSearch, 
FiMoreVertical, FiExternalLink } 
from 'react-icons/fi';
   `----

  [31mx[0m You're importing a 
component that needs useRouter. 
It only works in a Client 
Component but none of its parents 
are marked with "use client", so 
they're Server Components by 
default.
  [31m|[0m Learn more: https://n
extjs.org/docs/getting-started/rea
ct-essentials
  [31m|[0m 
  [31m|[0m 
   ,-[[36;1;4mC:\e-commerce texti
le\frontend\src\app\admin\customer
s\page.tsx[0m:1:1]
 [2m1[0m | import { useEffect, 
useState } from 'react';
 [2m2[0m | import { useRouter } 
from 'next/navigation';
   : [31;1m         ^^^^^^^^^[0m
 [2m3[0m | import { adminAPI } 
from '@/lib/api';
 [2m4[0m | import { FiUser, 
FiMail, FiCalendar, 
FiShoppingBag, FiSearch, 
FiMoreVertical, FiExternalLink } 
from 'react-icons/fi';
 [2m4[0m | 
   `----

Import trace for requested module:
./src/app/admin/customers/page.tsx


> Build failed because of webpack 
errors
